<?xml version="1.0" encoding="UTF-8"?>
<testsuites name="jest tests" tests="17" failures="0" errors="0" time="2.461">
  <testsuite name="Bad requests" errors="0" failures="0" skipped="0" timestamp="2023-10-15T22:13:37" time="1.667" tests="7">
    <testcase classname="Bad requests Status code 400" name="Bad requests Status code 400" time="0.01">
    </testcase>
    <testcase classname="Bad requests Status code 400" name="Bad requests Status code 400" time="0.001">
    </testcase>
    <testcase classname="Bad requests Status code 400" name="Bad requests Status code 400" time="0.001">
    </testcase>
    <testcase classname="Bad requests Status code 400" name="Bad requests Status code 400" time="0.001">
    </testcase>
    <testcase classname="Bad requests Status code 400" name="Bad requests Status code 400" time="0.001">
    </testcase>
    <testcase classname="Bad requests Status code 400" name="Bad requests Status code 400" time="0">
    </testcase>
    <testcase classname="Correct requests Status code 200" name="Correct requests Status code 200" time="0.002">
    </testcase>
  </testsuite>
  <testsuite name="Bad requests" errors="0" failures="0" skipped="0" timestamp="2023-10-15T22:13:39" time="0.359" tests="3">
    <testcase classname="Bad requests Status code 400" name="Bad requests Status code 400" time="0.007">
    </testcase>
    <testcase classname="Bad requests Status code 400" name="Bad requests Status code 400" time="0.001">
    </testcase>
    <testcase classname="Correct requests Status code 200" name="Correct requests Status code 200" time="0.002">
    </testcase>
  </testsuite>
  <testsuite name="Bad requests" errors="0" failures="0" skipped="0" timestamp="2023-10-15T22:13:39" time="0.405" tests="7">
    <testcase classname="Bad requests Status code 400" name="Bad requests Status code 400" time="0.006">
    </testcase>
    <testcase classname="Bad requests Status code 400" name="Bad requests Status code 400" time="0.001">
    </testcase>
    <testcase classname="Bad requests Status code 400" name="Bad requests Status code 400" time="0.001">
    </testcase>
    <testcase classname="Bad requests Status code 400" name="Bad requests Status code 400" time="0">
    </testcase>
    <testcase classname="Bad requests Status code 400" name="Bad requests Status code 400" time="0.001">
    </testcase>
    <testcase classname="Bad requests Status code 400" name="Bad requests Status code 400" time="0">
    </testcase>
    <testcase classname="Correct requests Status code 200" name="Correct requests Status code 200" time="0.002">
    </testcase>
  </testsuite>
</testsuites>